// Jest Snapshot v1, https://goo.gl/fbAQLP

exports[`matches snapshot 1`] = `
<DocumentFragment>
  <div
    class="TodoList"
  >
    <form
      class="NewTodoForm"
    >
      <label
        for="task"
      >
        Task
      </label>
      <input
        id="task"
        name="task"
        value=""
      />
      <button>
        Add todo
      </button>
    </form>
  </div>
</DocumentFragment>
`;
